Failed password for admin from 192.168.1.50 port 55231 ssh2
